------------------------------------------------------------
TimeQuest Timing Analyzer Summary
------------------------------------------------------------

Type  : Slow Model Setup 'u_VideoController|u_VideoPLL|altpll_component|pll|clk[1]'
Slack : -5.610
TNS   : -50.685

Type  : Slow Model Setup 'VideoController:u_VideoController|ram_current_state.CPUSlot1'
Slack : -1.183
TNS   : -12.343

Type  : Slow Model Setup 'VideoController:u_VideoController|ram_current_state.CPUSlot0~_Duplicate_2'
Slack : -0.637
TNS   : -2.389

Type  : Slow Model Setup 'u_VideoController|u_VideoPLL|altpll_component|pll|clk[0]'
Slack : 35.852
TNS   : 0.000

Type  : Slow Model Hold 'VideoController:u_VideoController|ram_current_state.CPUSlot0~_Duplicate_2'
Slack : -3.386
TNS   : -19.989

Type  : Slow Model Hold 'u_VideoController|u_VideoPLL|altpll_component|pll|clk[1]'
Slack : 0.282
TNS   : 0.000

Type  : Slow Model Hold 'VideoController:u_VideoController|ram_current_state.CPUSlot1'
Slack : 0.533
TNS   : 0.000

Type  : Slow Model Hold 'u_VideoController|u_VideoPLL|altpll_component|pll|clk[0]'
Slack : 0.972
TNS   : 0.000

Type  : Slow Model Minimum Pulse Width 'VideoController:u_VideoController|ram_current_state.CPUSlot0~_Duplicate_2'
Slack : 0.500
TNS   : 0.000

Type  : Slow Model Minimum Pulse Width 'VideoController:u_VideoController|ram_current_state.CPUSlot1'
Slack : 0.500
TNS   : 0.000

Type  : Slow Model Minimum Pulse Width 'VideoController:u_VideoController|ram_current_state.ReadDataVideo'
Slack : 0.500
TNS   : 0.000

Type  : Slow Model Minimum Pulse Width 'u_VideoController|u_VideoPLL|altpll_component|pll|clk[1]'
Slack : 7.356
TNS   : 0.000

Type  : Slow Model Minimum Pulse Width 'u_VideoController|u_VideoPLL|altpll_component|pll|clk[0]'
Slack : 18.729
TNS   : 0.000

Type  : Slow Model Minimum Pulse Width 'Clock_24[0]'
Slack : 20.833
TNS   : 0.000

Type  : Fast Model Setup 'u_VideoController|u_VideoPLL|altpll_component|pll|clk[1]'
Slack : -2.936
TNS   : -27.349

Type  : Fast Model Setup 'VideoController:u_VideoController|ram_current_state.CPUSlot1'
Slack : 0.307
TNS   : 0.000

Type  : Fast Model Setup 'VideoController:u_VideoController|ram_current_state.CPUSlot0~_Duplicate_2'
Slack : 0.434
TNS   : 0.000

Type  : Fast Model Setup 'u_VideoController|u_VideoPLL|altpll_component|pll|clk[0]'
Slack : 38.042
TNS   : 0.000

Type  : Fast Model Hold 'VideoController:u_VideoController|ram_current_state.CPUSlot0~_Duplicate_2'
Slack : -2.063
TNS   : -14.196

Type  : Fast Model Hold 'VideoController:u_VideoController|ram_current_state.CPUSlot1'
Slack : 0.121
TNS   : 0.000

Type  : Fast Model Hold 'u_VideoController|u_VideoPLL|altpll_component|pll|clk[1]'
Slack : 0.292
TNS   : 0.000

Type  : Fast Model Hold 'u_VideoController|u_VideoPLL|altpll_component|pll|clk[0]'
Slack : 0.358
TNS   : 0.000

Type  : Fast Model Minimum Pulse Width 'VideoController:u_VideoController|ram_current_state.CPUSlot0~_Duplicate_2'
Slack : 0.500
TNS   : 0.000

Type  : Fast Model Minimum Pulse Width 'VideoController:u_VideoController|ram_current_state.CPUSlot1'
Slack : 0.500
TNS   : 0.000

Type  : Fast Model Minimum Pulse Width 'VideoController:u_VideoController|ram_current_state.ReadDataVideo'
Slack : 0.500
TNS   : 0.000

Type  : Fast Model Minimum Pulse Width 'u_VideoController|u_VideoPLL|altpll_component|pll|clk[1]'
Slack : 7.793
TNS   : 0.000

Type  : Fast Model Minimum Pulse Width 'u_VideoController|u_VideoPLL|altpll_component|pll|clk[0]'
Slack : 18.840
TNS   : 0.000

Type  : Fast Model Minimum Pulse Width 'Clock_24[0]'
Slack : 20.833
TNS   : 0.000

------------------------------------------------------------
